// Jest Snapshot v1, https://goo.gl/fbAQLP

exports[`<CheckoutItem/> expect to render component 1`] = `
<styled.div>
  <styled.div>
    <styled.img
      alt="item"
      src="lorem-ipsum.jpg"
    />
  </styled.div>
  <styled.div>
    <styled.div>
      Lorem dolor
    </styled.div>
    <styled.div>
      <styled.div
        onClick={[Function]}
      >
        ❮
      </styled.div>
      <styled.div>
        1
      </styled.div>
      <styled.div
        onClick={[Function]}
      >
        ❯
      </styled.div>
    </styled.div>
    <styled.div>
      100
    </styled.div>
    <styled.div
      onClick={[Function]}
    >
      ✕
    </styled.div>
  </styled.div>
</styled.div>
`;
